2026/08/11 15:24:39 Route: GET /
2026/08/11 15:24:39 Route: GET /swagger/*
2026/08/11 15:24:39 Route: GET /
2026/08/11 15:24:39 Route: HEAD /uploads
2026/08/11 15:24:39 Route: GET /api/v1/auth/me
2026/08/11 15:24:39 Route: GET /api/v1/master
2026/08/11 15:24:39 Route: GET /api/v1/master/groups
2026/08/11 15:24:39 Route: GET /api/v1/master/units
2026/08/11 15:24:39 Route: GET /api/v1/master/roles
2026/08/11 15:24:39 Route: GET /api/v1/master/eligible-approvers
2026/08/11 15:24:39 Route: GET /api/v1/master/materials
2026/08/11 15:24:39 Route: GET /api/v1/master/materials/export
2026/08/11 15:24:39 Route: GET /api/v1/master/materials/stats
2026/08/11 15:24:39 Route: GET /api/v1/master/materials/:code
2026/08/11 15:24:39 Route: GET /api/v1/master/allMaterial
2026/08/11 15:24:39 Route: GET /api/v1/master/cost-code/subjects
2026/08/11 15:24:39 Route: GET /api/v1/master/cost-code/jobs
2026/08/11 15:24:39 Route: GET /api/v1/master/cost-code/groups
2026/08/11 15:24:39 Route: GET /api/v1/master/cost-code/subgroups
2026/08/11 15:24:39 Route: GET /api/v1/master/cost-code/full
2026/08/11 15:24:39 Route: GET /api/v1/master/cost-code/options
2026/08/11 15:24:39 Route: GET /api/v1/master/cost-code/export
2026/08/11 15:24:39 Route: GET /api/v1/master/cost-code/list
2026/08/11 15:24:39 Route: GET /api/v1/master/cost-code/stats
2026/08/11 15:24:39 Route: GET /api/v1/materials/search
2026/08/11 15:24:39 Route: GET /api/v1/master/subgroups
2026/08/11 15:24:39 Route: GET /api/v1/master/mat-names
2026/08/11 15:24:39 Route: GET /api/v1/master/specs
2026/08/11 15:24:39 Route: GET /api/v1/master/brands
2026/08/11 15:24:39 Route: GET /api/v1/master/locations
2026/08/11 15:24:39 Route: GET /api/v1/master/locations/:id
2026/08/11 15:24:39 Route: GET /api/v1/master/projects
2026/08/11 15:24:39 Route: GET /api/v1/master/projects/:id
2026/08/11 15:24:39 Route: GET /api/v1/master/warehouses
2026/08/11 15:24:39 Route: GET /api/v1/master/warehouses/:code/zones
2026/08/11 15:24:39 Route: GET /api/v1/master/suppliers
2026/08/11 15:24:39 Route: GET /api/v1/master/suppliers/:code
2026/08/11 15:24:39 Route: GET /api/v1/inventory/
2026/08/11 15:24:39 Route: GET /api/v1/inventory/transactions
2026/08/11 15:24:39 Route: GET /api/v1/pr
2026/08/11 15:24:39 Route: GET /api/v1/pr/list-test
2026/08/11 15:24:39 Route: GET /api/v1/pr/next-number
2026/08/11 15:24:39 Route: GET /api/v1/pr/:id/logs
2026/08/11 15:24:39 Route: GET /api/v1/pr/:id/lines-with-po-status
2026/08/11 15:24:39 Route: GET /api/v1/pr/:id/attachments
2026/08/11 15:24:39 Route: GET /api/v1/pr/
2026/08/11 15:24:39 Route: GET /api/v1/pr/:id
2026/08/11 15:24:39 Route: GET /api/v1/po
2026/08/11 15:24:39 Route: GET /api/v1/po/next-number
2026/08/11 15:24:39 Route: GET /api/v1/po/search
2026/08/11 15:24:39 Route: GET /api/v1/po/available-prs
2026/08/11 15:24:39 Route: GET /api/v1/po/receivable
2026/08/11 15:24:39 Route: GET /api/v1/po/line-items
2026/08/11 15:24:39 Route: GET /api/v1/po/
2026/08/11 15:24:39 Route: GET /api/v1/po/:id
2026/08/11 15:24:39 Route: GET /api/v1/po/:id/receivable-lines
2026/08/11 15:24:39 Route: GET /api/v1/po/:id/logs
2026/08/11 15:24:39 Route: GET /api/v1/po/:id/print-data
2026/08/11 15:24:39 Route: GET /api/v1/po/:id/attachments
2026/08/11 15:24:39 Route: GET /api/v1/po/
2026/08/11 15:24:39 Route: GET /api/v1/po/:id
2026/08/11 15:24:39 Route: GET /api/v1/memo
2026/08/11 15:24:39 Route: GET /api/v1/memo/
2026/08/11 15:24:39 Route: GET /api/v1/memo/:id
2026/08/11 15:24:39 Route: GET /api/v1/grn/
2026/08/11 15:24:39 Route: GET /api/v1/grn/history
2026/08/11 15:24:39 Route: GET /api/v1/approvals/pending
2026/08/11 15:24:39 Route: GET /api/v1/approvals/logs
2026/08/11 15:24:39 Route: GET /api/v1/approvals/audit
2026/08/11 15:24:39 Route: GET /api/v1/approval-request
2026/08/11 15:24:39 Route: GET /api/v1/approval-request/:docType/:docId/my-status
2026/08/11 15:24:39 Route: GET /api/v1/approval
2026/08/11 15:24:39 Route: GET /api/v1/users
2026/08/11 15:24:39 Route: GET /api/v1/users/allUser
2026/08/11 15:24:39 Route: GET /api/v1/users/:id
2026/08/11 15:24:39 Route: GET /api/v1/matcode/units
2026/08/11 15:24:39 Route: GET /api/v1/matcode/units/:code
2026/08/11 15:24:39 Route: GET /api/v1/matcode/subgroups
2026/08/11 15:24:39 Route: GET /api/v1/matcode/subgroups/:code
2026/08/11 15:24:39 Route: GET /api/v1/matcode/matnames
2026/08/11 15:24:39 Route: GET /api/v1/matcode/matnames/:subgroup/:code
2026/08/11 15:24:39 Route: GET /api/v1/matcode/specs
2026/08/11 15:24:39 Route: GET /api/v1/matcode/specs/:matname/:code
2026/08/11 15:24:39 Route: GET /api/v1/matcode/brands
2026/08/11 15:24:39 Route: GET /api/v1/matcode/brands/:code
2026/08/11 15:24:39 Route: GET /api/v1/matcode/codes
2026/08/11 15:24:39 Route: GET /api/v1/matcode/codes/:code
2026/08/11 15:24:39 Route: GET /api/v1/groups
2026/08/11 15:24:39 Route: GET /api/v1/groups/
2026/08/11 15:24:39 Route: GET /api/v1/groups/:code
2026/08/11 15:24:39 Route: GET /api/v1/stock
2026/08/11 15:24:39 Route: GET /api/v1/stock/categories
2026/08/11 15:24:39 Route: GET /api/v1/stock/items
2026/08/11 15:24:39 Route: GET /api/v1/stock/lookup
2026/08/11 15:24:39 Route: GET /api/v1/stock/items/:id
2026/08/11 15:24:39 Route: GET /api/v1/stock/items/:id/images
2026/08/11 15:24:39 Route: GET /api/v1/stock/inventory
2026/08/11 15:24:39 Route: GET /api/v1/stock/transactions
2026/08/11 15:24:39 Route: GET /api/v1/stock/borrow
2026/08/11 15:24:39 Route: GET /api/v1/stock/borrow/scan/:item_code
2026/08/11 15:24:39 Route: GET /api/v1/stock/borrow/:id
2026/08/11 15:24:39 Route: GET /api/v1/stock/reservations
2026/08/11 15:24:39 Route: GET /api/v1/role-menu-permissions/
2026/08/11 15:24:39 Route: GET /api/v1/menus/
2026/08/11 15:24:39 Route: GET /api/v1/approval-doc-types/
2026/08/11 15:24:39 Route: GET /api/v1/roles/
2026/08/11 15:24:39 Route: GET /api/v1/approval-config/
2026/08/11 15:24:39 Route: GET /api/v1/approval-delegation/
2026/08/11 15:24:39 Route: GET /api/v1/departments
2026/08/11 15:24:39 Route: GET /api/v1/dept-menu-permissions/
2026/08/11 15:24:39 Route: GET /api/v1/permissions/effective
2026/08/11 15:24:39 Route: GET /health
2026/08/11 15:24:39 Route: HEAD /
2026/08/11 15:24:39 Route: HEAD /swagger/*
2026/08/11 15:24:39 Route: HEAD /
2026/08/11 15:24:39 Route: HEAD /uploads
2026/08/11 15:24:39 Route: HEAD /api/v1/auth/me
2026/08/11 15:24:39 Route: HEAD /api/v1/master
2026/08/11 15:24:39 Route: HEAD /api/v1/master/groups
2026/08/11 15:24:39 Route: HEAD /api/v1/master/units
2026/08/11 15:24:39 Route: HEAD /api/v1/master/roles
2026/08/11 15:24:39 Route: HEAD /api/v1/master/eligible-approvers
2026/08/11 15:24:39 Route: HEAD /api/v1/master/materials
2026/08/11 15:24:39 Route: HEAD /api/v1/master/materials/export
2026/08/11 15:24:39 Route: HEAD /api/v1/master/materials/stats
2026/08/11 15:24:39 Route: HEAD /api/v1/master/materials/:code
2026/08/11 15:24:39 Route: HEAD /api/v1/master/allMaterial
2026/08/11 15:24:39 Route: HEAD /api/v1/master/cost-code/subjects
2026/08/11 15:24:39 Route: HEAD /api/v1/master/cost-code/jobs
2026/08/11 15:24:39 Route: HEAD /api/v1/master/cost-code/groups
2026/08/11 15:24:39 Route: HEAD /api/v1/master/cost-code/subgroups
2026/08/11 15:24:39 Route: HEAD /api/v1/master/cost-code/full
2026/08/11 15:24:39 Route: HEAD /api/v1/master/cost-code/options
2026/08/11 15:24:39 Route: HEAD /api/v1/master/cost-code/export
2026/08/11 15:24:39 Route: HEAD /api/v1/master/cost-code/list
2026/08/11 15:24:39 Route: HEAD /api/v1/master/cost-code/stats
2026/08/11 15:24:39 Route: HEAD /api/v1/materials/search
2026/08/11 15:24:39 Route: HEAD /api/v1/master/subgroups
2026/08/11 15:24:39 Route: HEAD /api/v1/master/mat-names
2026/08/11 15:24:39 Route: HEAD /api/v1/master/specs
2026/08/11 15:24:39 Route: HEAD /api/v1/master/brands
2026/08/11 15:24:39 Route: HEAD /api/v1/master/locations
2026/08/11 15:24:39 Route: HEAD /api/v1/master/locations/:id
2026/08/11 15:24:39 Route: HEAD /api/v1/master/projects
2026/08/11 15:24:39 Route: HEAD /api/v1/master/projects/:id
2026/08/11 15:24:39 Route: HEAD /api/v1/master/warehouses
2026/08/11 15:24:39 Route: HEAD /api/v1/master/warehouses/:code/zones
2026/08/11 15:24:39 Route: HEAD /api/v1/master/suppliers
2026/08/11 15:24:39 Route: HEAD /api/v1/master/suppliers/:code
2026/08/11 15:24:39 Route: HEAD /api/v1/inventory/
2026/08/11 15:24:39 Route: HEAD /api/v1/inventory/transactions
2026/08/11 15:24:39 Route: HEAD /api/v1/pr
2026/08/11 15:24:39 Route: HEAD /api/v1/pr/list-test
2026/08/11 15:24:39 Route: HEAD /api/v1/pr/next-number
2026/08/11 15:24:39 Route: HEAD /api/v1/pr/:id/logs
2026/08/11 15:24:39 Route: HEAD /api/v1/pr/:id/lines-with-po-status
2026/08/11 15:24:39 Route: HEAD /api/v1/pr/:id/attachments
2026/08/11 15:24:39 Route: HEAD /api/v1/pr/
2026/08/11 15:24:39 Route: HEAD /api/v1/pr/:id
2026/08/11 15:24:39 Route: HEAD /api/v1/po
2026/08/11 15:24:39 Route: HEAD /api/v1/po/next-number
2026/08/11 15:24:39 Route: HEAD /api/v1/po/search
2026/08/11 15:24:39 Route: HEAD /api/v1/po/available-prs
2026/08/11 15:24:39 Route: HEAD /api/v1/po/receivable
2026/08/11 15:24:39 Route: HEAD /api/v1/po/line-items
2026/08/11 15:24:39 Route: HEAD /api/v1/po/
2026/08/11 15:24:39 Route: HEAD /api/v1/po/:id
2026/08/11 15:24:39 Route: HEAD /api/v1/po/:id/receivable-lines
2026/08/11 15:24:39 Route: HEAD /api/v1/po/:id/logs
2026/08/11 15:24:39 Route: HEAD /api/v1/po/:id/print-data
2026/08/11 15:24:39 Route: HEAD /api/v1/po/:id/attachments
2026/08/11 15:24:39 Route: HEAD /api/v1/po/
2026/08/11 15:24:39 Route: HEAD /api/v1/po/:id
2026/08/11 15:24:39 Route: HEAD /api/v1/memo
2026/08/11 15:24:39 Route: HEAD /api/v1/memo/
2026/08/11 15:24:39 Route: HEAD /api/v1/memo/:id
2026/08/11 15:24:39 Route: HEAD /api/v1/grn/
2026/08/11 15:24:39 Route: HEAD /api/v1/grn/history
2026/08/11 15:24:39 Route: HEAD /api/v1/approvals/pending
2026/08/11 15:24:39 Route: HEAD /api/v1/approvals/logs
2026/08/11 15:24:39 Route: HEAD /api/v1/approvals/audit
2026/08/11 15:24:39 Route: HEAD /api/v1/approval-request
2026/08/11 15:24:39 Route: HEAD /api/v1/approval-request/:docType/:docId/my-status
2026/08/11 15:24:39 Route: HEAD /api/v1/approval
2026/08/11 15:24:39 Route: HEAD /api/v1/users
2026/08/11 15:24:39 Route: HEAD /api/v1/users/allUser
2026/08/11 15:24:39 Route: HEAD /api/v1/users/:id
2026/08/11 15:24:39 Route: HEAD /api/v1/matcode/units
2026/08/11 15:24:39 Route: HEAD /api/v1/matcode/units/:code
2026/08/11 15:24:39 Route: HEAD /api/v1/matcode/subgroups
2026/08/11 15:24:39 Route: HEAD /api/v1/matcode/subgroups/:code
2026/08/11 15:24:39 Route: HEAD /api/v1/matcode/matnames
2026/08/11 15:24:39 Route: HEAD /api/v1/matcode/matnames/:subgroup/:code
2026/08/11 15:24:39 Route: HEAD /api/v1/matcode/specs
2026/08/11 15:24:39 Route: HEAD /api/v1/matcode/specs/:matname/:code
2026/08/11 15:24:39 Route: HEAD /api/v1/matcode/brands
2026/08/11 15:24:39 Route: HEAD /api/v1/matcode/brands/:code
2026/08/11 15:24:39 Route: HEAD /api/v1/matcode/codes
2026/08/11 15:24:39 Route: HEAD /api/v1/matcode/codes/:code
2026/08/11 15:24:39 Route: HEAD /api/v1/groups
2026/08/11 15:24:39 Route: HEAD /api/v1/groups/
2026/08/11 15:24:39 Route: HEAD /api/v1/groups/:code
2026/08/11 15:24:39 Route: HEAD /api/v1/stock
2026/08/11 15:24:39 Route: HEAD /api/v1/stock/categories
2026/08/11 15:24:39 Route: HEAD /api/v1/stock/items
2026/08/11 15:24:39 Route: HEAD /api/v1/stock/lookup
2026/08/11 15:24:39 Route: HEAD /api/v1/stock/items/:id
2026/08/11 15:24:39 Route: HEAD /api/v1/stock/items/:id/images
2026/08/11 15:24:39 Route: HEAD /api/v1/stock/inventory
2026/08/11 15:24:39 Route: HEAD /api/v1/stock/transactions
2026/08/11 15:24:39 Route: HEAD /api/v1/stock/borrow
2026/08/11 15:24:39 Route: HEAD /api/v1/stock/borrow/scan/:item_code
2026/08/11 15:24:39 Route: HEAD /api/v1/stock/borrow/:id
2026/08/11 15:24:39 Route: HEAD /api/v1/stock/reservations
2026/08/11 15:24:39 Route: HEAD /api/v1/role-menu-permissions/
2026/08/11 15:24:39 Route: HEAD /api/v1/menus/
2026/08/11 15:24:39 Route: HEAD /api/v1/approval-doc-types/
2026/08/11 15:24:39 Route: HEAD /api/v1/roles/
2026/08/11 15:24:39 Route: HEAD /api/v1/approval-config/
2026/08/11 15:24:39 Route: HEAD /api/v1/approval-delegation/
2026/08/11 15:24:39 Route: HEAD /api/v1/departments
2026/08/11 15:24:39 Route: HEAD /api/v1/dept-menu-permissions/
2026/08/11 15:24:39 Route: HEAD /api/v1/permissions/effective
2026/08/11 15:24:39 Route: HEAD /health
2026/08/11 15:24:39 Route: POST /
2026/08/11 15:24:39 Route: POST /api/v1/auth/login
2026/08/11 15:24:39 Route: POST /api/v1/auth/refresh
2026/08/11 15:24:39 Route: POST /api/v1/auth/change-password
2026/08/11 15:24:39 Route: POST /api/v1/master
2026/08/11 15:24:39 Route: POST /api/v1/master/materials
2026/08/11 15:24:39 Route: POST /api/v1/master/materials/bulk
2026/08/11 15:24:39 Route: POST /api/v1/master/cost-code/import
2026/08/11 15:24:39 Route: POST /api/v1/master/locations
2026/08/11 15:24:39 Route: POST /api/v1/master/projects
2026/08/11 15:24:39 Route: POST /api/v1/master/warehouses
2026/08/11 15:24:39 Route: POST /api/v1/master/suppliers
2026/08/11 15:24:39 Route: POST /api/v1/master/suppliers/bulk
2026/08/11 15:24:39 Route: POST /api/v1/inventory/transactions
2026/08/11 15:24:39 Route: POST /api/v1/upload/pr
2026/08/11 15:24:39 Route: POST /api/v1/upload/memo
2026/08/11 15:24:39 Route: POST /api/v1/upload/po
2026/08/11 15:24:39 Route: POST /api/v1/pr
2026/08/11 15:24:39 Route: POST /api/v1/pr/
2026/08/11 15:24:39 Route: POST /api/v1/pr/:id/submit
2026/08/11 15:24:39 Route: POST /api/v1/pr/:id/attachments
2026/08/11 15:24:39 Route: POST /api/v1/po
2026/08/11 15:24:39 Route: POST /api/v1/po/
2026/08/11 15:24:39 Route: POST /api/v1/po/:id/approve
2026/08/11 15:24:39 Route: POST /api/v1/po/:id/send
2026/08/11 15:24:39 Route: POST /api/v1/po/:id/lines
2026/08/11 15:24:39 Route: POST /api/v1/po/:id/attachments
2026/08/11 15:24:39 Route: POST /api/v1/memo
2026/08/11 15:24:39 Route: POST /api/v1/memo/
2026/08/11 15:24:39 Route: POST /api/v1/memo/:id/submit
2026/08/11 15:24:39 Route: POST /api/v1/memo/:id/approve
2026/08/11 15:24:39 Route: POST /api/v1/grn/
2026/08/11 15:24:39 Route: POST /api/v1/grn/:id/confirm
2026/08/11 15:24:39 Route: POST /api/v1/grn/receive
2026/08/11 15:24:39 Route: POST /api/v1/grn/:id/score
2026/08/11 15:24:39 Route: POST /api/v1/approval-request
2026/08/11 15:24:39 Route: POST /api/v1/approval
2026/08/11 15:24:39 Route: POST /api/v1/users
2026/08/11 15:24:39 Route: POST /api/v1/users/
2026/08/11 15:24:39 Route: POST /api/v1/matcode/units
2026/08/11 15:24:39 Route: POST /api/v1/matcode/subgroups
2026/08/11 15:24:39 Route: POST /api/v1/matcode/matnames
2026/08/11 15:24:39 Route: POST /api/v1/matcode/specs
2026/08/11 15:24:39 Route: POST /api/v1/matcode/brands
2026/08/11 15:24:39 Route: POST /api/v1/matcode/codes
2026/08/11 15:24:39 Route: POST /api/v1/groups
2026/08/11 15:24:39 Route: POST /api/v1/groups/
2026/08/11 15:24:39 Route: POST /api/v1/stock
2026/08/11 15:24:39 Route: POST /api/v1/stock/items
2026/08/11 15:24:39 Route: POST /api/v1/stock/items/import
2026/08/11 15:24:39 Route: POST /api/v1/stock/items/:id/images
2026/08/11 15:24:39 Route: POST /api/v1/stock/inventory/adjust
2026/08/11 15:24:39 Route: POST /api/v1/stock/inventory/batch-lookup
2026/08/11 15:24:39 Route: POST /api/v1/stock/inventory/transfer
2026/08/11 15:24:39 Route: POST /api/v1/stock/transactions
2026/08/11 15:24:39 Route: POST /api/v1/stock/borrow
2026/08/11 15:24:39 Route: POST /api/v1/stock/borrow/:id/submit
2026/08/11 15:24:39 Route: POST /api/v1/stock/borrow/:id/approve
2026/08/11 15:24:39 Route: POST /api/v1/stock/borrow/:id/receive
2026/08/11 15:24:39 Route: POST /api/v1/stock/borrow/:id/return
2026/08/11 15:24:39 Route: POST /api/v1/stock/reservations
2026/08/11 15:24:39 Route: POST /api/v1/stock/reservations/:id/cancel
2026/08/11 15:24:39 Route: POST /api/v1/role-menu-permissions/batch
2026/08/11 15:24:39 Route: POST /api/v1/approval-doc-types/
2026/08/11 15:24:39 Route: POST /api/v1/roles/
2026/08/11 15:24:39 Route: POST /api/v1/approval-config/batch
2026/08/11 15:24:39 Route: POST /api/v1/approval-delegation/
2026/08/11 15:24:39 Route: POST /api/v1/dept-menu-permissions/batch
2026/08/11 15:24:39 Route: POST /api/v1/user-menu-permissions/batch
2026/08/11 15:24:39 Route: PUT /
2026/08/11 15:24:39 Route: PUT /api/v1/master
2026/08/11 15:24:39 Route: PUT /api/v1/master/materials/:code
2026/08/11 15:24:39 Route: PUT /api/v1/master/locations/:id
2026/08/11 15:24:39 Route: PUT /api/v1/master/projects/:id
2026/08/11 15:24:39 Route: PUT /api/v1/master/suppliers/:code
2026/08/11 15:24:39 Route: PUT /api/v1/pr
2026/08/11 15:24:39 Route: PUT /api/v1/pr/:id
2026/08/11 15:24:39 Route: PUT /api/v1/pr/:id/reopen
2026/08/11 15:24:39 Route: PUT /api/v1/po
2026/08/11 15:24:39 Route: PUT /api/v1/po/:id
2026/08/11 15:24:39 Route: PUT /api/v1/po/:id/edit-approved
2026/08/11 15:24:39 Route: PUT /api/v1/po/:id/lines/:line_id
2026/08/11 15:24:39 Route: PUT /api/v1/po/:id/approve
2026/08/11 15:24:39 Route: PUT /api/v1/po/:id/reject
2026/08/11 15:24:39 Route: PUT /api/v1/po/:id/cancel
2026/08/11 15:24:39 Route: PUT /api/v1/memo
2026/08/11 15:24:39 Route: PUT /api/v1/memo/:id
2026/08/11 15:24:39 Route: PUT /api/v1/approval-request
2026/08/11 15:24:39 Route: PUT /api/v1/approval
2026/08/11 15:24:39 Route: PUT /api/v1/approval/:docType/:docId/approve
2026/08/11 15:24:39 Route: PUT /api/v1/approval/:docType/:docId/reject
2026/08/11 15:24:39 Route: PUT /api/v1/users
2026/08/11 15:24:39 Route: PUT /api/v1/users/:id
2026/08/11 15:24:39 Route: PUT /api/v1/users/:id/roles
2026/08/11 15:24:39 Route: PUT /api/v1/users/:id/password
2026/08/11 15:24:39 Route: PUT /api/v1/matcode/codes/:code
2026/08/11 15:24:39 Route: PUT /api/v1/groups
2026/08/11 15:24:39 Route: PUT /api/v1/groups/:code
2026/08/11 15:24:39 Route: PUT /api/v1/stock
2026/08/11 15:24:39 Route: PUT /api/v1/stock/items/:id
2026/08/11 15:24:39 Route: PUT /api/v1/stock/items/:id/images/:image_id/primary
2026/08/11 15:24:39 Route: DELETE /
2026/08/11 15:24:39 Route: DELETE /api/v1/master
2026/08/11 15:24:39 Route: DELETE /api/v1/master/locations/:id
2026/08/11 15:24:39 Route: DELETE /api/v1/master/projects/:id
2026/08/11 15:24:39 Route: DELETE /api/v1/master/suppliers/:code
2026/08/11 15:24:39 Route: DELETE /api/v1/pr
2026/08/11 15:24:39 Route: DELETE /api/v1/pr/:id/attachments/:attach_id
2026/08/11 15:24:39 Route: DELETE /api/v1/po
2026/08/11 15:24:39 Route: DELETE /api/v1/po/:id/attachments/:attach_id
2026/08/11 15:24:39 Route: DELETE /api/v1/memo
2026/08/11 15:24:39 Route: DELETE /api/v1/memo/:id
2026/08/11 15:24:39 Route: DELETE /api/v1/approval-request
2026/08/11 15:24:39 Route: DELETE /api/v1/approval
2026/08/11 15:24:39 Route: DELETE /api/v1/users
2026/08/11 15:24:39 Route: DELETE /api/v1/users/:id
2026/08/11 15:24:39 Route: DELETE /api/v1/matcode/units/:code
2026/08/11 15:24:39 Route: DELETE /api/v1/matcode/subgroups/:code
2026/08/11 15:24:39 Route: DELETE /api/v1/matcode/matnames/:subgroup/:code
2026/08/11 15:24:39 Route: DELETE /api/v1/matcode/specs/:matname/:code
2026/08/11 15:24:39 Route: DELETE /api/v1/matcode/brands/:code
2026/08/11 15:24:39 Route: DELETE /api/v1/matcode/codes/:code
2026/08/11 15:24:39 Route: DELETE /api/v1/groups
2026/08/11 15:24:39 Route: DELETE /api/v1/groups/:code
2026/08/11 15:24:39 Route: DELETE /api/v1/stock
2026/08/11 15:24:39 Route: DELETE /api/v1/stock/items/:id
2026/08/11 15:24:39 Route: DELETE /api/v1/stock/items/:id/images/:image_id
2026/08/11 15:24:39 Route: DELETE /api/v1/roles/:id
2026/08/11 15:24:39 Route: DELETE /api/v1/approval-config/:id
2026/08/11 15:24:39 Route: DELETE /api/v1/approval-delegation/:id
2026/08/11 15:24:39 Route: DELETE /api/v1/user-menu-permissions/
2026/08/11 15:24:39 Route: CONNECT /
2026/08/11 15:24:39 Route: CONNECT /api/v1/master
2026/08/11 15:24:39 Route: CONNECT /api/v1/pr
2026/08/11 15:24:39 Route: CONNECT /api/v1/po
2026/08/11 15:24:39 Route: CONNECT /api/v1/memo
2026/08/11 15:24:39 Route: CONNECT /api/v1/approval-request
2026/08/11 15:24:39 Route: CONNECT /api/v1/approval
2026/08/11 15:24:39 Route: CONNECT /api/v1/users
2026/08/11 15:24:39 Route: CONNECT /api/v1/groups
2026/08/11 15:24:39 Route: CONNECT /api/v1/stock
2026/08/11 15:24:39 Route: OPTIONS /
2026/08/11 15:24:39 Route: OPTIONS /api/v1/master
2026/08/11 15:24:39 Route: OPTIONS /api/v1/pr
2026/08/11 15:24:39 Route: OPTIONS /api/v1/po
2026/08/11 15:24:39 Route: OPTIONS /api/v1/memo
2026/08/11 15:24:39 Route: OPTIONS /api/v1/approval-request
2026/08/11 15:24:39 Route: OPTIONS /api/v1/approval
2026/08/11 15:24:39 Route: OPTIONS /api/v1/users
2026/08/11 15:24:39 Route: OPTIONS /api/v1/groups
2026/08/11 15:24:39 Route: OPTIONS /api/v1/stock
2026/08/11 15:24:39 Route: TRACE /
2026/08/11 15:24:39 Route: TRACE /api/v1/master
2026/08/11 15:24:39 Route: TRACE /api/v1/pr
2026/08/11 15:24:39 Route: TRACE /api/v1/po
2026/08/11 15:24:39 Route: TRACE /api/v1/memo
2026/08/11 15:24:39 Route: TRACE /api/v1/approval-request
2026/08/11 15:24:39 Route: TRACE /api/v1/approval
2026/08/11 15:24:39 Route: TRACE /api/v1/users
2026/08/11 15:24:39 Route: TRACE /api/v1/groups
2026/08/11 15:24:39 Route: TRACE /api/v1/stock
2026/08/11 15:24:39 Route: PATCH /
2026/08/11 15:24:39 Route: PATCH /api/v1/master
2026/08/11 15:24:39 Route: PATCH /api/v1/pr
2026/08/11 15:24:39 Route: PATCH /api/v1/po
2026/08/11 15:24:39 Route: PATCH /api/v1/memo
2026/08/11 15:24:39 Route: PATCH /api/v1/memo/:id/cancel
2026/08/11 15:24:39 Route: PATCH /api/v1/approval-request
2026/08/11 15:24:39 Route: PATCH /api/v1/approval
2026/08/11 15:24:39 Route: PATCH /api/v1/users
2026/08/11 15:24:39 Route: PATCH /api/v1/groups
2026/08/11 15:24:39 Route: PATCH /api/v1/stock
2026/08/11 15:24:39 Route: PATCH /api/v1/approval-doc-types/:id
2026/08/11 15:24:39 Route: PATCH /api/v1/roles/:id
2026/08/11 15:24:39 Route: PATCH /api/v1/approval-config/:id
2026/08/11 15:24:39 🚀 ERP API starting on port 8080
2026/08/11 15:24:39 📚 Swagger UI: http://localhost:8080/swagger/index.html
2026/08/11 15:44:09 checkdata [{P A01 001 PA0100100100007 Round Bars (เหล็กเส้นกลม) 0x1810b0f10720 0x1810b0f10730 0x1810b0f10740 0x1810b0f10750 007 เส้น true <nil> <nil>} {P A01 001 PA0100100200007 Round Bars (เหล็กเส้นกลม) 0x1810b0f10760 0x1810b0f10770 0x1810b0f10780 0x1810b0f10790 007 เส้น true <nil> <nil>} {P A01 001 PA0100100300007 Round Bars (เหล็กเส้นกลม) 0x1810b0f107a0 0x1810b0f107b0 0x1810b0f107c0 0x1810b0f107d0 007 เส้น true <nil> <nil>} {P A01 001 PA0100100400007 Round Bars (เหล็กเส้นกลม) 0x1810b0f107e0 0x1810b0f107f0 0x1810b0f10800 0x1810b0f10810 007 เส้น true <nil> <nil>} {P A01 001 PA0100100500007 Round Bars (เหล็กเส้นกลม) 0x1810b0f10820 0x1810b0f10830 0x1810b0f10840 0x1810b0f10850 007 เส้น true <nil> <nil>} {P A01 001 PA0100100600007 Round Bars (เหล็กเส้นกลม) 0x1810b0f10860 0x1810b0f10870 0x1810b0f10880 0x1810b0f10890 007 เส้น true <nil> <nil>} {P A01 001 PA0100100700007 Round Bars (เหล็กเส้นกลม) 0x1810b0f108a0 0x1810b0f108b0 0x1810b0f108c0 0x1810b0f108d0 007 เส้น true <nil> <nil>} {P A01 001 PA0100100800007 Round Bars (เหล็กเส้นกลม) 0x1810b0f108e0 0x1810b0f108f0 0x1810b0f10900 0x1810b0f10910 007 เส้น true <nil> <nil>} {P A01 001 PA0100100900007 Round Bars (เหล็กเส้นกลม) 0x1810b0f10920 0x1810b0f10930 0x1810b0f10940 0x1810b0f10950 007 เส้น true <nil> <nil>} {P A01 001 PA0100101000007 Round Bars (เหล็กเส้นกลม) 0x1810b0f10960 0x1810b0f10970 0x1810b0f10980 0x1810b0f10990 007 เส้น true <nil> <nil>}]
2026/08/11 16:53:31 ❌ ErrorHandler: 401 invalid or expired token | path: /api/v1/approval-config | err: invalid or expired token
2026/08/11 16:53:31 ❌ ErrorHandler: 401 invalid or expired token | path: /api/v1/approval-config | err: invalid or expired token
2026/08/11 16:53:31 ❌ ErrorHandler: 401 invalid refresh token | path: /api/v1/auth/refresh | err: invalid refresh token
